// Jest Snapshot v1, https://jestjs.io/docs/snapshot-testing

exports[`Popup platform is configured to display macOS and Linux by default 1`] = `
<div
  class="bg-gray-100 p-2 dark:bg-gray-900"
  id="popup"
>
  <nav
    class="mb-2 flex space-x-4"
  >
    <a
      class="bg-gray-200 text-gray-900 dark:bg-gray-800 dark:text-gray-100 rounded-md px-3 py-2 text-sm font-medium"
      href="#"
    >
      macOS and Linux
    </a>
    <a
      class="text-gray-500 hover:bg-gray-200 hover:text-gray-600 dark:text-gray-300 dark:hover:bg-gray-700 dark:hover:text-gray-200 rounded-md px-3 py-2 text-sm font-medium"
      href="#"
    >
      Windows
    </a>
    <a
      class="text-gray-500 hover:bg-gray-200 hover:text-gray-600 dark:text-gray-300 dark:hover:bg-gray-700 dark:hover:text-gray-200 rounded-md px-3 py-2 text-sm font-medium"
      href="#"
    >
      PowerShell
    </a>
  </nav>
  <div
    class="text-xs text-gray-700 dark:text-gray-300"
  >
    <p
      class="mb-2 p-1"
    >
      <strong>
        Option 1: 
      </strong>
      Run the following commands in your terminal.
    </p>
    <div
      class="group relative mb-2 "
    >
      <pre
        class="relative overflow-x-scroll rounded-md border border-gray-300 bg-gray-200 p-2 leading-5 dark:border-gray-700 dark:bg-gray-800"
      >
        <span
          class="font-sans text-gray-500 dark:text-gray-300"
        >
          Sign-in to AWS to see credentials...
        </span>
      </pre>
    </div>
  </div>
  <div
    class="text-xs text-gray-700 dark:text-gray-300"
  >
    <p
      class="mb-2 p-1"
    >
      <strong>
        Option 2: 
      </strong>
      Paste the following text into your AWS credentials file.
    </p>
    <div
      class="group relative mb-2 "
    >
      <pre
        class="relative overflow-x-scroll rounded-md border border-gray-300 bg-gray-200 p-2 leading-5 dark:border-gray-700 dark:bg-gray-800"
      >
        <span
          class="font-sans text-gray-500 dark:text-gray-300"
        >
          Sign-in to AWS to see credentials...
        </span>
      </pre>
    </div>
  </div>
</div>
`;
