// Jest Snapshot v1, https://jestjs.io/docs/snapshot-testing

exports[`Popup platform is configured to display macOS and Linux by default 1`] = `
<div
  class="popup"
  id="popup"
>
  <nav
    aria-label="Platform selection"
    class="popup__tabs"
  >
    <button
      aria-pressed="true"
      class="popup__tab popup__tab--active"
      type="button"
    >
      macOS and Linux
    </button>
    <button
      aria-pressed="false"
      class="popup__tab"
      type="button"
    >
      Windows
    </button>
    <button
      aria-pressed="false"
      class="popup__tab"
      type="button"
    >
      PowerShell
    </button>
  </nav>
  <div
    class="popup__section"
  >
    <p
      class="popup__intro"
    >
      <strong>
        Option 1: 
      </strong>
      Run the following commands in your terminal.
    </p>
    <div
      class="code-snippet "
    >
      <pre
        class="code-snippet__pre"
      >
        <span
          class="code-snippet__placeholder"
        >
          Sign-in to AWS to see credentials...
        </span>
      </pre>
    </div>
  </div>
  <div
    class="popup__section"
  >
    <p
      class="popup__intro"
    >
      <strong>
        Option 2: 
      </strong>
      Paste the following text into your AWS credentials file.
    </p>
    <div
      class="code-snippet "
    >
      <pre
        class="code-snippet__pre"
      >
        <span
          class="code-snippet__placeholder"
        >
          Sign-in to AWS to see credentials...
        </span>
      </pre>
    </div>
  </div>
</div>
`;
