// Jest Snapshot v1, https://jestjs.io/docs/snapshot-testing

exports[`Popup platform is configured to display macOS/Linux by default 1`] = `
<div
  class="popup"
  id="popup"
>
  <nav
    aria-label="Platform selection"
    class="popup__tabs"
  >
    <button
      aria-pressed="true"
      class="popup__tab popup__tab--active"
      type="button"
    >
      macOS/Linux
    </button>
    <button
      aria-pressed="false"
      class="popup__tab"
      type="button"
    >
      Windows CMD
    </button>
    <button
      aria-pressed="false"
      class="popup__tab"
      type="button"
    >
      PowerShell
    </button>
  </nav>
  <div
    class="popup__section"
  >
    <p
      class="popup__intro"
    >
      <span
        class="popup__intro-label"
      >
        Option 1:
      </span>
      <span>
        Run in Terminal
      </span>
    </p>
    <div
      class="code-snippet "
    >
      <pre
        class="code-snippet__pre"
      >
        <span
          class="code-snippet__placeholder"
        >
          Sign-in to AWS to see credentials...
        </span>
      </pre>
    </div>
  </div>
  <div
    class="popup__section"
  >
    <p
      class="popup__intro"
    >
      <span
        class="popup__intro-label"
      >
        Option 2:
      </span>
      <span>
        Add to AWS credentials file
      </span>
    </p>
    <div
      class="code-snippet "
    >
      <pre
        class="code-snippet__pre"
      >
        <span
          class="code-snippet__placeholder"
        >
          Sign-in to AWS to see credentials...
        </span>
      </pre>
    </div>
  </div>
</div>
`;
